2025-03-05 10:00:00 INFO Cache warmed up
2025-03-05 10:00:01 ERROR Out of memory: failed to allocate 512MB
2025-03-05 10:00:03 INFO User logged in
2025-03-05 10:00:07 INFO Metrics flushed
2025-03-05 10:00:11 WARNING Retry attempt 2 of 3 for request 9921
2025-03-05 10:00:13 WARNING Connection pool nearing limit: 95/100
2025-03-05 10:00:16 INFO New deployment detected: v2.4.1
2025-03-05 10:00:16 ERROR Out of memory: failed to allocate 512MB
2025-03-05 10:00:21 INFO User logged out
2025-03-05 10:00:22 INFO New deployment detected: v2.4.1
2025-03-05 10:00:25 INFO User logged in
2025-03-05 10:00:29 ERROR Cache synchronization failed for node 192.168.1.42
2025-03-05 10:00:31 INFO Config reloaded
2025-03-05 10:00:36 INFO New deployment detected: v2.4.1
2025-03-05 10:00:39 INFO Service restarted
2025-03-05 10:00:44 WARNING Connection pool nearing limit: 95/100
2025-03-05 10:00:45 INFO Metrics flushed
2025-03-05 10:00:46 DEBUG Thread pool size: 8
2025-03-05 10:00:46 INFO Scheduled job started
2025-03-05 10:00:49 WARNING Retry attempt 2 of 3 for request 9921
2025-03-05 10:00:49 ERROR Timeout while contacting API
2025-03-05 10:00:50 INFO User logged in
2025-03-05 10:00:50 INFO Health check passed
2025-03-05 10:00:54 INFO Scheduled job started
2025-03-05 10:00:55 INFO New deployment detected: v2.4.1
2025-03-05 10:00:55 INFO Config reloaded
2025-03-05 10:00:58 INFO User logged in
2025-03-05 10:01:02 WARNING Rate limit approaching for client 10.0.0.5
2025-03-05 10:01:04 INFO User logged in
2025-03-05 10:01:08 WARNING Memory usage high: 87%
2025-03-05 10:01:10 ERROR Authentication token expired
2025-03-05 10:01:12 INFO Scheduled job started
2025-03-05 10:01:14 WARNING Retry attempt 2 of 3 for request 9921
2025-03-05 10:01:19 INFO Service restarted
2025-03-05 10:01:20 DEBUG Query executed in 4ms
2025-03-05 10:01:24 INFO Metrics flushed
2025-03-05 10:01:27 WARNING Connection pool nearing limit: 95/100
2025-03-05 10:01:28 INFO Service restarted
2025-03-05 10:01:33 INFO Health check passed
2025-03-05 10:01:35 INFO Health check passed
2025-03-05 10:01:37 ERROR Queue processing delay exceeded 500ms threshold
2025-03-05 10:01:42 INFO New deployment detected: v2.4.1
2025-03-05 10:01:46 INFO Backup completed successfully
2025-03-05 10:01:50 INFO New deployment detected: v2.4.1
2025-03-05 10:01:51 INFO User logged in
2025-03-05 10:01:53 DEBUG Thread pool size: 8
2025-03-05 10:01:57 DEBUG Thread pool size: 8
2025-03-05 10:02:01 WARNING Connection pool nearing limit: 95/100
2025-03-05 10:02:01 WARNING Connection pool nearing limit: 95/100
2025-03-05 10:02:05 DEBUG Entering function process_request
2025-03-05 10:02:05 INFO Backup completed successfully
2025-03-05 10:02:08 DEBUG Payload size: 2048 bytes
2025-03-05 10:02:08 INFO Backup completed successfully
2025-03-05 10:02:13 ERROR Deadlock detected on table 'transactions'
2025-03-05 10:02:17 DEBUG Thread pool size: 8
2025-03-05 10:02:19 INFO User logged out
2025-03-05 10:02:24 INFO Metrics flushed
2025-03-05 10:02:25 INFO Metrics flushed
2025-03-05 10:02:27 DEBUG Payload size: 2048 bytes
2025-03-05 10:02:30 WARNING Rate limit approaching for client 10.0.0.5
2025-03-05 10:02:30 ERROR Config file missing: /etc/app/config.yaml
2025-03-05 10:02:31 INFO Service restarted
2025-03-05 10:02:33 ERROR Timeout while contacting API
2025-03-05 10:02:34 INFO Backup completed successfully
2025-03-05 10:02:36 INFO Backup completed successfully
2025-03-05 10:02:36 ERROR Max retry attempts reached for job 8821
2025-03-05 10:02:40 DEBUG Payload size: 2048 bytes
2025-03-05 10:02:43 INFO User logged out
2025-03-05 10:02:45 ERROR SSL certificate validation error for host 'api.example.com'
2025-03-05 10:02:45 INFO Metrics flushed
2025-03-05 10:02:49 DEBUG Cache hit for key session:abc123
2025-03-05 10:02:53 WARNING Memory usage high: 87%
2025-03-05 10:02:55 ERROR Database connection failed
2025-03-05 10:02:55 INFO Backup completed successfully
2025-03-05 10:02:56 INFO User logged out
2025-03-05 10:03:00 INFO Service restarted
2025-03-05 10:03:02 DEBUG Cache hit for key session:abc123
2025-03-05 10:03:04 INFO Config reloaded
2025-03-05 10:03:08 DEBUG Payload size: 2048 bytes
2025-03-05 10:03:13 INFO User logged in
2025-03-05 10:03:15 INFO New deployment detected: v2.4.1
2025-03-05 10:03:19 WARNING Retry attempt 2 of 3 for request 9921
2025-03-05 10:03:22 WARNING Rate limit approaching for client 10.0.0.5
2025-03-05 10:03:25 INFO Service restarted
2025-03-05 10:03:26 INFO Scheduled job started
2025-03-05 10:03:31 WARNING Memory usage high: 87%
2025-03-05 10:03:31 ERROR Microservice heartbeat missed for service 'order-processor'
2025-03-05 10:03:33 INFO New deployment detected: v2.4.1
2025-03-05 10:03:38 INFO User logged out
2025-03-05 10:03:42 INFO Scheduled job started
2025-03-05 10:03:45 INFO Scheduled job started
2025-03-05 10:03:49 WARNING Connection pool nearing limit: 95/100
2025-03-05 10:03:52 INFO User logged out
2025-03-05 10:03:52 INFO User logged out
2025-03-05 10:03:54 INFO Health check passed
2025-03-05 10:03:56 WARNING Connection pool nearing limit: 95/100
2025-03-05 10:04:00 INFO Health check passed
2025-03-05 10:04:02 INFO Metrics flushed
2025-03-05 10:04:06 DEBUG Query executed in 4ms
2025-03-05 10:04:06 INFO Metrics flushed
2025-03-05 10:04:10 DEBUG Entering function process_request
2025-03-05 10:04:15 DEBUG Thread pool size: 8
2025-03-05 10:04:16 ERROR Config file missing: /etc/app/config.yaml
2025-03-05 10:04:21 INFO Backup completed successfully
2025-03-05 10:04:22 DEBUG Query executed in 4ms
2025-03-05 10:04:24 INFO User logged out
2025-03-05 10:04:25 INFO User logged in
2025-03-05 10:04:26 INFO Scheduled job started
2025-03-05 10:04:27 INFO Health check passed
2025-03-05 10:04:32 INFO Health check passed
2025-03-05 10:04:37 INFO User logged in
2025-03-05 10:04:38 INFO Service restarted
2025-03-05 10:04:38 DEBUG Cache hit for key session:abc123
2025-03-05 10:04:40 INFO Service restarted
2025-03-05 10:04:45 WARNING Disk space low
2025-03-05 10:04:50 ERROR File permission denied on /var/log/app.log
2025-03-05 10:04:50 INFO User logged in
2025-03-05 10:04:50 INFO User logged out
2025-03-05 10:04:51 INFO User logged in
2025-03-05 10:04:56 INFO User logged out
2025-03-05 10:04:57 ERROR Cache synchronization failed for node 192.168.1.42
2025-03-05 10:04:58 DEBUG Cache hit for key session:abc123
2025-03-05 10:05:00 WARNING Memory usage high: 87%
2025-03-05 10:05:01 INFO Config reloaded
2025-03-05 10:05:02 WARNING Response time degraded: 1200ms
2025-03-05 10:05:06 WARNING Response time degraded: 1200ms
2025-03-05 10:05:09 ERROR Queue processing delay exceeded 500ms threshold
2025-03-05 10:05:12 INFO Cache warmed up
2025-03-05 10:05:15 INFO Metrics flushed
2025-03-05 10:05:15 DEBUG Thread pool size: 8
2025-03-05 10:05:19 DEBUG Entering function process_request
2025-03-05 10:05:22 DEBUG Payload size: 2048 bytes
2025-03-05 10:05:27 DEBUG Entering function process_request
2025-03-05 10:05:29 INFO Metrics flushed
2025-03-05 10:05:29 INFO New deployment detected: v2.4.1
2025-03-05 10:05:32 ERROR Unexpected null value in field 'user_id' at row 13
2025-03-05 10:05:32 INFO New deployment detected: v2.4.1
2025-03-05 10:05:34 INFO New deployment detected: v2.4.1
2025-03-05 10:05:35 INFO Cache warmed up
2025-03-05 10:05:40 DEBUG Query executed in 4ms
2025-03-05 10:05:43 INFO Metrics flushed
2025-03-05 10:05:47 INFO New deployment detected: v2.4.1
2025-03-05 10:05:50 DEBUG Payload size: 2048 bytes
2025-03-05 10:05:50 INFO Cache warmed up
2025-03-05 10:05:53 INFO New deployment detected: v2.4.1
2025-03-05 10:05:54 INFO Health check passed
2025-03-05 10:05:57 DEBUG Cache hit for key session:abc123
2025-03-05 10:05:58 DEBUG Query executed in 4ms
2025-03-05 10:06:01 INFO Config reloaded
2025-03-05 10:06:06 DEBUG Cache hit for key session:abc123
2025-03-05 10:06:09 INFO Backup completed successfully
2025-03-05 10:06:09 WARNING Deprecated API endpoint called: /v1/users
2025-03-05 10:06:09 WARNING Response time degraded: 1200ms
2025-03-05 10:06:09 INFO User logged in
2025-03-05 10:06:09 INFO Service restarted
2025-03-05 10:06:12 DEBUG Thread pool size: 8
2025-03-05 10:06:13 INFO New deployment detected: v2.4.1
2025-03-05 10:06:14 INFO User logged in
2025-03-05 10:06:15 INFO Metrics flushed
2025-03-05 10:06:15 INFO Scheduled job started
2025-03-05 10:06:16 ERROR Database connection failed
2025-03-05 10:06:21 INFO User logged in
2025-03-05 10:06:23 WARNING Rate limit approaching for client 10.0.0.5
2025-03-05 10:06:25 WARNING Memory usage high: 87%
2025-03-05 10:06:25 INFO New deployment detected: v2.4.1
2025-03-05 10:06:30 INFO User logged in
2025-03-05 10:06:35 ERROR Deadlock detected on table 'transactions'
2025-03-05 10:06:37 INFO Metrics flushed
2025-03-05 10:06:39 INFO New deployment detected: v2.4.1
2025-03-05 10:06:41 ERROR File permission denied on /var/log/app.log
2025-03-05 10:06:45 INFO User logged out
2025-03-05 10:06:49 DEBUG Cache hit for key session:abc123
2025-03-05 10:06:53 INFO New deployment detected: v2.4.1
2025-03-05 10:06:55 INFO Cache warmed up
2025-03-05 10:06:56 INFO User logged out
2025-03-05 10:07:01 WARNING Retry attempt 2 of 3 for request 9921
2025-03-05 10:07:06 ERROR Max retry attempts reached for job 8821
2025-03-05 10:07:11 ERROR Timeout while contacting API
2025-03-05 10:07:15 INFO Scheduled job started
2025-03-05 10:07:20 ERROR Failed to write to disk: no space left on device
2025-03-05 10:07:20 DEBUG Query executed in 4ms
2025-03-05 10:07:23 INFO Service restarted
2025-03-05 10:07:26 ERROR Unexpected null value in field 'user_id' at row 13
2025-03-05 10:07:27 DEBUG Cache hit for key session:abc123
2025-03-05 10:07:27 ERROR File permission denied on /var/log/app.log
2025-03-05 10:07:32 INFO Service restarted
2025-03-05 10:07:35 INFO Health check passed
2025-03-05 10:07:37 ERROR File permission denied on /var/log/app.log
2025-03-05 10:07:39 ERROR Queue processing delay exceeded 500ms threshold
2025-03-05 10:07:40 DEBUG Payload size: 2048 bytes
2025-03-05 10:07:45 ERROR Unexpected null value in field 'user_id' at row 13
2025-03-05 10:07:49 INFO Service restarted
2025-03-05 10:07:52 ERROR Unexpected null value in field 'user_id' at row 13
2025-03-05 10:07:54 INFO Backup completed successfully
2025-03-05 10:07:59 INFO User logged out
2025-03-05 10:08:04 DEBUG Thread pool size: 8
2025-03-05 10:08:05 WARNING Response time degraded: 1200ms
2025-03-05 10:08:07 ERROR Database connection failed
2025-03-05 10:08:11 INFO Health check passed
2025-03-05 10:08:13 ERROR File permission denied on /var/log/app.log
2025-03-05 10:08:18 WARNING Response time degraded: 1200ms
2025-03-05 10:08:18 INFO Metrics flushed
2025-03-05 10:08:18 INFO Scheduled job started
2025-03-05 10:08:22 DEBUG Payload size: 2048 bytes
2025-03-05 10:08:25 INFO New deployment detected: v2.4.1
2025-03-05 10:08:25 INFO Service restarted
2025-03-05 10:08:27 INFO User logged in
2025-03-05 10:08:32 INFO New deployment detected: v2.4.1
2025-03-05 10:08:33 INFO Health check passed
2025-03-05 10:08:38 ERROR Microservice heartbeat missed for service 'order-processor'
2025-03-05 10:08:38 INFO Cache warmed up
2025-03-05 10:08:41 ERROR Deadlock detected on table 'transactions'
2025-03-05 10:08:41 ERROR Failed to write to disk: no space left on device
2025-03-05 10:08:44 WARNING Response time degraded: 1200ms
2025-03-05 10:08:47 ERROR Timeout while contacting API
2025-03-05 10:08:50 INFO Scheduled job started
2025-03-05 10:08:50 INFO Backup completed successfully
2025-03-05 10:08:54 INFO User logged in
2025-03-05 10:08:58 INFO User logged in
2025-03-05 10:09:01 ERROR SSL certificate validation error for host 'api.example.com'
2025-03-05 10:09:03 DEBUG Entering function process_request
2025-03-05 10:09:04 DEBUG Thread pool size: 8
2025-03-05 10:09:04 DEBUG Entering function process_request
2025-03-05 10:09:04 WARNING Response time degraded: 1200ms
2025-03-05 10:09:09 INFO Config reloaded
2025-03-05 10:09:11 WARNING Deprecated API endpoint called: /v1/users
2025-03-05 10:09:14 INFO Backup completed successfully
2025-03-05 10:09:18 INFO Config reloaded
2025-03-05 10:09:19 INFO User logged in
2025-03-05 10:09:20 INFO Config reloaded
2025-03-05 10:09:21 WARNING Retry attempt 2 of 3 for request 9921
2025-03-05 10:09:21 DEBUG Entering function process_request
2025-03-05 10:09:22 ERROR Unhandled exception in worker thread 4
2025-03-05 10:09:24 ERROR Database connection failed
2025-03-05 10:09:29 WARNING Memory usage high: 87%
2025-03-05 10:09:29 DEBUG Cache hit for key session:abc123
2025-03-05 10:09:32 ERROR Timeout while contacting API
2025-03-05 10:09:36 INFO Config reloaded
2025-03-05 10:09:36 INFO Service restarted
2025-03-05 10:09:40 INFO Scheduled job started
2025-03-05 10:09:40 INFO New deployment detected: v2.4.1
2025-03-05 10:09:44 WARNING Connection pool nearing limit: 95/100
2025-03-05 10:09:49 DEBUG Payload size: 2048 bytes
2025-03-05 10:09:50 ERROR Cache synchronization failed for node 192.168.1.42
2025-03-05 10:09:53 DEBUG Entering function process_request
2025-03-05 10:09:53 WARNING Retry attempt 2 of 3 for request 9921
2025-03-05 10:09:56 INFO User logged out
2025-03-05 10:09:56 INFO Config reloaded
2025-03-05 10:09:59 INFO User logged in
2025-03-05 10:10:02 ERROR Unexpected null value in field 'user_id' at row 13
2025-03-05 10:10:03 INFO Backup completed successfully
2025-03-05 10:10:08 INFO New deployment detected: v2.4.1
2025-03-05 10:10:13 INFO Cache warmed up
2025-03-05 10:10:15 INFO User logged in
2025-03-05 10:10:19 INFO Health check passed
2025-03-05 10:10:19 INFO Scheduled job started
2025-03-05 10:10:19 ERROR Authentication token expired
2025-03-05 10:10:19 WARNING Disk space low
2025-03-05 10:10:24 INFO Scheduled job started
2025-03-05 10:10:28 WARNING Memory usage high: 87%
2025-03-05 10:10:28 WARNING Disk space low
2025-03-05 10:10:31 INFO Config reloaded
2025-03-05 10:10:36 INFO Cache warmed up
2025-03-05 10:10:41 INFO New deployment detected: v2.4.1
2025-03-05 10:10:46 DEBUG Entering function process_request
2025-03-05 10:10:49 ERROR SSL certificate validation error for host 'api.example.com'
2025-03-05 10:10:53 DEBUG Cache hit for key session:abc123
2025-03-05 10:10:57 INFO User logged out
2025-03-05 10:10:58 INFO Backup completed successfully
2025-03-05 10:11:01 INFO Backup completed successfully
2025-03-05 10:11:01 WARNING Disk space low
2025-03-05 10:11:05 INFO New deployment detected: v2.4.1
2025-03-05 10:11:10 ERROR Cache synchronization failed for node 192.168.1.42
2025-03-05 10:11:13 INFO Health check passed
2025-03-05 10:11:16 INFO User logged out
2025-03-05 10:11:17 ERROR Config file missing: /etc/app/config.yaml
2025-03-05 10:11:18 DEBUG Payload size: 2048 bytes
2025-03-05 10:11:22 WARNING Retry attempt 2 of 3 for request 9921
2025-03-05 10:11:22 WARNING Response time degraded: 1200ms
2025-03-05 10:11:23 INFO Config reloaded
2025-03-05 10:11:25 DEBUG Query executed in 4ms
2025-03-05 10:11:29 INFO Cache warmed up
2025-03-05 10:11:31 ERROR Config file missing: /etc/app/config.yaml
2025-03-05 10:11:36 DEBUG Payload size: 2048 bytes
2025-03-05 10:11:41 ERROR Unhandled exception in worker thread 4
2025-03-05 10:11:44 WARNING Deprecated API endpoint called: /v1/users
2025-03-05 10:11:47 INFO New deployment detected: v2.4.1
2025-03-05 10:11:48 INFO Service restarted
2025-03-05 10:11:53 INFO Cache warmed up
2025-03-05 10:11:54 WARNING Deprecated API endpoint called: /v1/users
2025-03-05 10:11:54 WARNING Memory usage high: 87%
2025-03-05 10:11:54 INFO Metrics flushed
2025-03-05 10:11:59 INFO Backup completed successfully
2025-03-05 10:12:02 INFO New deployment detected: v2.4.1
2025-03-05 10:12:02 ERROR Database connection failed
2025-03-05 10:12:07 ERROR Microservice heartbeat missed for service 'order-processor'
2025-03-05 10:12:10 INFO Health check passed
2025-03-05 10:12:10 INFO Metrics flushed
2025-03-05 10:12:10 INFO Config reloaded
2025-03-05 10:12:14 INFO User logged out
2025-03-05 10:12:15 INFO Backup completed successfully
2025-03-05 10:12:15 INFO Backup completed successfully
2025-03-05 10:12:18 WARNING Rate limit approaching for client 10.0.0.5
2025-03-05 10:12:20 INFO Service restarted
2025-03-05 10:12:25 ERROR Microservice heartbeat missed for service 'order-processor'
2025-03-05 10:12:27 WARNING Deprecated API endpoint called: /v1/users
2025-03-05 10:12:29 INFO Metrics flushed
2025-03-05 10:12:32 INFO Backup completed successfully
2025-03-05 10:12:32 INFO Health check passed
2025-03-05 10:12:33 INFO Metrics flushed
2025-03-05 10:12:34 DEBUG Entering function process_request
2025-03-05 10:12:34 DEBUG Cache hit for key session:abc123
2025-03-05 10:12:37 ERROR Max retry attempts reached for job 8821
2025-03-05 10:12:42 INFO Config reloaded
2025-03-05 10:12:45 ERROR Deadlock detected on table 'transactions'
2025-03-05 10:12:50 INFO Service restarted
2025-03-05 10:12:50 INFO User logged in
2025-03-05 10:12:51 INFO Service restarted
2025-03-05 10:12:53 INFO Scheduled job started
2025-03-05 10:12:56 ERROR File permission denied on /var/log/app.log
2025-03-05 10:13:00 WARNING Rate limit approaching for client 10.0.0.5
2025-03-05 10:13:04 INFO Scheduled job started
2025-03-05 10:13:08 ERROR Unhandled exception in worker thread 4
2025-03-05 10:13:11 DEBUG Entering function process_request
2025-03-05 10:13:12 INFO Health check passed
2025-03-05 10:13:15 ERROR File permission denied on /var/log/app.log
2025-03-05 10:13:17 INFO New deployment detected: v2.4.1
2025-03-05 10:13:21 ERROR Database connection failed
2025-03-05 10:13:23 WARNING Rate limit approaching for client 10.0.0.5
2025-03-05 10:13:25 DEBUG Entering function process_request
2025-03-05 10:13:29 ERROR Max retry attempts reached for job 8821
2025-03-05 10:13:34 WARNING Memory usage high: 87%
2025-03-05 10:13:38 DEBUG Thread pool size: 8
2025-03-05 10:13:38 INFO Cache warmed up
2025-03-05 10:13:42 INFO Scheduled job started
2025-03-05 10:13:43 DEBUG Entering function process_request
2025-03-05 10:13:43 INFO Metrics flushed
2025-03-05 10:13:43 INFO Service restarted
2025-03-05 10:13:46 INFO Cache warmed up
2025-03-05 10:13:49 INFO User logged in
2025-03-05 10:13:49 INFO Backup completed successfully
2025-03-05 10:13:54 INFO Backup completed successfully
2025-03-05 10:13:55 INFO Config reloaded
2025-03-05 10:13:59 INFO Service restarted
2025-03-05 10:14:04 DEBUG Payload size: 2048 bytes
2025-03-05 10:14:09 WARNING Disk space low
2025-03-05 10:14:09 INFO User logged out
2025-03-05 10:14:12 DEBUG Thread pool size: 8
2025-03-05 10:14:17 INFO Metrics flushed
2025-03-05 10:14:19 INFO Scheduled job started
2025-03-05 10:14:21 INFO Cache warmed up
2025-03-05 10:14:21 INFO Config reloaded
2025-03-05 10:14:23 ERROR Queue processing delay exceeded 500ms threshold
2025-03-05 10:14:24 INFO Cache warmed up
2025-03-05 10:14:28 INFO User logged out
2025-03-05 10:14:30 INFO New deployment detected: v2.4.1
2025-03-05 10:14:35 ERROR File permission denied on /var/log/app.log
2025-03-05 10:14:36 INFO Metrics flushed
2025-03-05 10:14:40 DEBUG Query executed in 4ms
2025-03-05 10:14:41 ERROR Database connection failed
2025-03-05 10:14:43 DEBUG Query executed in 4ms
2025-03-05 10:14:43 INFO Health check passed
2025-03-05 10:14:44 INFO Scheduled job started
2025-03-05 10:14:49 DEBUG Entering function process_request
2025-03-05 10:14:50 WARNING Connection pool nearing limit: 95/100
2025-03-05 10:14:50 INFO Config reloaded
2025-03-05 10:14:50 DEBUG Cache hit for key session:abc123
2025-03-05 10:14:55 DEBUG Query executed in 4ms
2025-03-05 10:14:55 WARNING Retry attempt 2 of 3 for request 9921
2025-03-05 10:14:59 INFO Health check passed
2025-03-05 10:15:03 INFO Scheduled job started
2025-03-05 10:15:08 INFO Backup completed successfully
2025-03-05 10:15:08 WARNING Response time degraded: 1200ms
2025-03-05 10:15:08 INFO Scheduled job started
2025-03-05 10:15:09 WARNING Disk space low
2025-03-05 10:15:14 INFO Scheduled job started
2025-03-05 10:15:17 DEBUG Thread pool size: 8
2025-03-05 10:15:19 INFO New deployment detected: v2.4.1
2025-03-05 10:15:21 INFO Service restarted
2025-03-05 10:15:26 INFO Service restarted
2025-03-05 10:15:30 WARNING Response time degraded: 1200ms
2025-03-05 10:15:33 INFO Cache warmed up
2025-03-05 10:15:38 ERROR Queue processing delay exceeded 500ms threshold
2025-03-05 10:15:39 WARNING Memory usage high: 87%
2025-03-05 10:15:44 WARNING Connection pool nearing limit: 95/100
2025-03-05 10:15:49 WARNING Response time degraded: 1200ms
2025-03-05 10:15:49 INFO User logged out
2025-03-05 10:15:52 INFO Health check passed
2025-03-05 10:15:55 ERROR Unexpected null value in field 'user_id' at row 13
2025-03-05 10:15:58 DEBUG Payload size: 2048 bytes
2025-03-05 10:15:59 ERROR Max retry attempts reached for job 8821
2025-03-05 10:16:04 INFO Health check passed
2025-03-05 10:16:08 INFO Metrics flushed
2025-03-05 10:16:09 ERROR Authentication token expired
2025-03-05 10:16:11 WARNING Deprecated API endpoint called: /v1/users
2025-03-05 10:16:16 ERROR Out of memory: failed to allocate 512MB
2025-03-05 10:16:16 DEBUG Entering function process_request
2025-03-05 10:16:19 INFO User logged out
2025-03-05 10:16:24 INFO Cache warmed up
2025-03-05 10:16:24 WARNING Memory usage high: 87%
2025-03-05 10:16:28 INFO Metrics flushed
2025-03-05 10:16:30 INFO User logged out
2025-03-05 10:16:32 INFO Service restarted
2025-03-05 10:16:35 INFO Config reloaded
2025-03-05 10:16:36 ERROR Unexpected null value in field 'user_id' at row 13
2025-03-05 10:16:39 ERROR Deadlock detected on table 'transactions'
2025-03-05 10:16:43 INFO Service restarted
2025-03-05 10:16:44 INFO Scheduled job started
2025-03-05 10:16:49 INFO Metrics flushed
2025-03-05 10:16:49 WARNING Deprecated API endpoint called: /v1/users
2025-03-05 10:16:50 DEBUG Cache hit for key session:abc123
2025-03-05 10:16:53 INFO User logged in
2025-03-05 10:16:56 INFO Service restarted
2025-03-05 10:17:00 INFO Metrics flushed
2025-03-05 10:17:05 DEBUG Query executed in 4ms
2025-03-05 10:17:06 DEBUG Thread pool size: 8
2025-03-05 10:17:06 ERROR Queue processing delay exceeded 500ms threshold
2025-03-05 10:17:07 DEBUG Cache hit for key session:abc123
2025-03-05 10:17:07 INFO Cache warmed up
2025-03-05 10:17:07 DEBUG Thread pool size: 8
2025-03-05 10:17:10 INFO Health check passed
2025-03-05 10:17:15 ERROR Microservice heartbeat missed for service 'order-processor'
2025-03-05 10:17:19 ERROR Timeout while contacting API
2025-03-05 10:17:22 WARNING Rate limit approaching for client 10.0.0.5
2025-03-05 10:17:26 WARNING Rate limit approaching for client 10.0.0.5
2025-03-05 10:17:28 DEBUG Thread pool size: 8
2025-03-05 10:17:32 WARNING Disk space low
2025-03-05 10:17:33 INFO User logged in
2025-03-05 10:17:35 INFO New deployment detected: v2.4.1
2025-03-05 10:17:35 INFO New deployment detected: v2.4.1
2025-03-05 10:17:39 WARNING Memory usage high: 87%
2025-03-05 10:17:39 INFO Cache warmed up
2025-03-05 10:17:41 WARNING Connection pool nearing limit: 95/100
2025-03-05 10:17:46 ERROR Out of memory: failed to allocate 512MB
2025-03-05 10:17:49 DEBUG Query executed in 4ms
2025-03-05 10:17:52 INFO Health check passed
2025-03-05 10:17:54 DEBUG Entering function process_request
2025-03-05 10:17:55 WARNING Disk space low
2025-03-05 10:17:55 ERROR Max retry attempts reached for job 8821
2025-03-05 10:17:56 INFO Scheduled job started
2025-03-05 10:18:00 WARNING Response time degraded: 1200ms
2025-03-05 10:18:02 DEBUG Payload size: 2048 bytes
2025-03-05 10:18:04 INFO User logged out
2025-03-05 10:18:07 INFO Cache warmed up
2025-03-05 10:18:10 INFO Metrics flushed
2025-03-05 10:18:11 DEBUG Thread pool size: 8
2025-03-05 10:18:14 INFO User logged in
2025-03-05 10:18:17 INFO Scheduled job started
2025-03-05 10:18:22 INFO Scheduled job started
2025-03-05 10:18:27 WARNING Retry attempt 2 of 3 for request 9921
2025-03-05 10:18:31 INFO Cache warmed up
2025-03-05 10:18:32 INFO User logged out
2025-03-05 10:18:32 DEBUG Query executed in 4ms
2025-03-05 10:18:36 INFO Config reloaded
2025-03-05 10:18:36 INFO New deployment detected: v2.4.1
2025-03-05 10:18:41 INFO Service restarted
2025-03-05 10:18:42 DEBUG Payload size: 2048 bytes
2025-03-05 10:18:43 DEBUG Thread pool size: 8
2025-03-05 10:18:46 DEBUG Query executed in 4ms
2025-03-05 10:18:49 ERROR Cache synchronization failed for node 192.168.1.42
2025-03-05 10:18:52 DEBUG Payload size: 2048 bytes
2025-03-05 10:18:52 ERROR Deadlock detected on table 'transactions'
2025-03-05 10:18:55 INFO New deployment detected: v2.4.1
2025-03-05 10:19:00 INFO Metrics flushed
2025-03-05 10:19:00 WARNING Rate limit approaching for client 10.0.0.5
2025-03-05 10:19:04 INFO New deployment detected: v2.4.1
2025-03-05 10:19:07 ERROR Failed to write to disk: no space left on device
2025-03-05 10:19:09 ERROR Unhandled exception in worker thread 4
2025-03-05 10:19:12 DEBUG Cache hit for key session:abc123
2025-03-05 10:19:17 WARNING Rate limit approaching for client 10.0.0.5
2025-03-05 10:19:22 DEBUG Query executed in 4ms
2025-03-05 10:19:26 DEBUG Thread pool size: 8
2025-03-05 10:19:29 ERROR Timeout while contacting API
2025-03-05 10:19:31 INFO Metrics flushed
2025-03-05 10:19:36 INFO User logged in
2025-03-05 10:19:41 INFO Cache warmed up
2025-03-05 10:19:44 ERROR Failed to write to disk: no space left on device
2025-03-05 10:19:47 ERROR Authentication token expired
2025-03-05 10:19:49 WARNING Disk space low
2025-03-05 10:19:53 INFO New deployment detected: v2.4.1
2025-03-05 10:19:53 ERROR Queue processing delay exceeded 500ms threshold
2025-03-05 10:19:54 INFO New deployment detected: v2.4.1
2025-03-05 10:19:59 INFO Health check passed
2025-03-05 10:20:04 ERROR Failed to write to disk: no space left on device
2025-03-05 10:20:06 WARNING Memory usage high: 87%
2025-03-05 10:20:08 ERROR Deadlock detected on table 'transactions'
2025-03-05 10:20:10 ERROR Queue processing delay exceeded 500ms threshold
2025-03-05 10:20:13 DEBUG Payload size: 2048 bytes
2025-03-05 10:20:15 INFO Service restarted
2025-03-05 10:20:15 WARNING Memory usage high: 87%
2025-03-05 10:20:19 INFO Cache warmed up
2025-03-05 10:20:22 DEBUG Thread pool size: 8
2025-03-05 10:20:26 INFO User logged out
2025-03-05 10:20:26 INFO Scheduled job started
2025-03-05 10:20:31 DEBUG Query executed in 4ms
2025-03-05 10:20:36 ERROR Authentication token expired
2025-03-05 10:20:41 WARNING Memory usage high: 87%
2025-03-05 10:20:45 INFO Scheduled job started
2025-03-05 10:20:45 ERROR SSL certificate validation error for host 'api.example.com'
2025-03-05 10:20:45 INFO Service restarted
